<?xml version="1.0" encoding="UTF-8"?>
<?eclipse version="3.0"?>

<!--
 <copyright>
 </copyright>

 $Id: plugin.xml,v 1.2 2006/11/02 16:22:25 marcelop Exp $
-->

<plugin>

  <extension point="org.eclipse.emf.ecore.generated_package">
    <package 
       uri = "http:///library.ecore" 
       class = "org.examples.library.LibraryPackage" />
  </extension>

</plugin>
