<?xml version="1.0" encoding="UTF-8"?>
<?eclipse version="3.0"?>

<!--
/**
 * <copyright>
 * </copyright>
 *
 * $Id$
 */
-->

<plugin
    name = "%pluginName"
    id = "library.model"
    version = "1.0.0"
    provider-name = "%providerName">

  <requires>
    <import plugin="org.eclipse.core.runtime" />
    <import plugin="org.eclipse.emf.ecore" export="true"/>
  </requires>

  <runtime>
    <library name="runtime/library.model.jar">
      <export name="*"/>
    </library>
  </runtime>

  <extension point="org.eclipse.emf.ecore.generated_package">
    <package 
       uri = "library.xmi" 
       class = "org.examples.library.LibraryPackage" />
  </extension>

</plugin>

